00:00 +0: loading /app/frontend/test/widget_test.dart                                                                                                                                                  00:01 +0: loading /app/frontend/test/widget_test.dart                                                                                                                                                  00:02 +0: loading /app/frontend/test/widget_test.dart                                                                                                                                                  00:03 +0: loading /app/frontend/test/widget_test.dart                                                                                                                                                  00:04 +0: loading /app/frontend/test/widget_test.dart                                                                                                                                                  00:05 +0: loading /app/frontend/test/widget_test.dart                                                                                                                                                  00:06 +0: loading /app/frontend/test/widget_test.dart                                                                                                                                                  00:07 +0: loading /app/frontend/test/widget_test.dart                                                                                                                                                  00:08 +0: loading /app/frontend/test/widget_test.dart                                                                                                                                                  00:09 +0: loading /app/frontend/test/widget_test.dart                                                                                                                                                  00:10 +0: loading /app/frontend/test/widget_test.dart                                                                                                                                                  00:11 +0: loading /app/frontend/test/widget_test.dart                                                                                                                                                  00:12 +0: loading /app/frontend/test/widget_test.dart                                                                                                                                                  00:13 +0: loading /app/frontend/test/widget_test.dart                                                                                                                                                  00:14 +0: loading /app/frontend/test/widget_test.dart                                                                                                                                                  00:15 +0: loading /app/frontend/test/widget_test.dart                                                                                                                                                  00:15 +0: Menu loads smoke test                                                                                                                                                                        00:16 +0: Menu loads smoke test                                                                                                                                                                        00:16 +1: Menu loads smoke test                                                                                                                                                                        00:16 +1: All tests passed!
